03:03:33.202 [background-preinit] INFO  o.h.v.i.util.Version - [<clinit>,21] - HV000001: Hibernate Validator 8.0.3.Final
03:03:33.295 [main] INFO  c.j.t.TrackerApplication - [logStarting,53] - Starting TrackerApplication using Java 21.0.11 with PID 67212 (/Users/zengbojia/githome/stock-ai-rule-system/stock-ai-rule-system-service/target/classes started by zengbojia in /Users/zengbojia/githome/stock-ai-rule-system/stock-ai-rule-system-service)
03:03:33.297 [main] INFO  c.j.t.TrackerApplication - [logStartupProfileInfo,658] - The following 1 profile is active: "dev"
03:03:36.046 [main] INFO  o.a.c.h.Http11NioProtocol - [log,168] - Initializing ProtocolHandler ["http-nio-8080"]
03:03:36.050 [main] INFO  o.a.c.c.StandardService - [log,168] - Starting service [Tomcat]
03:03:36.051 [main] INFO  o.a.c.c.StandardEngine - [log,168] - Starting Servlet engine: [Apache Tomcat/10.1.55]
03:03:36.134 [main] INFO  o.a.c.c.C.[.[.[/] - [log,168] - Initializing Spring embedded WebApplicationContext
03:03:37.483 [main] INFO  c.a.d.p.DruidDataSource - [init,865] - {dataSource-1} inited
03:03:38.474 [main] INFO  o.f.c.FlywayExecutor - [info,41] - Database: jdbc:mysql://localhost/stock-ai-rule?useUnicode=true&characterEncoding=utf8&zeroDateTimeBehavior=convertToNull&useSSL=true&serverTimezone=GMT%2B8 (MySQL 8.0)
03:03:38.731 [main] INFO  o.f.c.i.c.DbValidate - [info,41] - Successfully validated 3 migrations (execution time 00:00.093s)
03:03:38.766 [main] INFO  o.f.c.i.c.DbMigrate - [info,41] - Current version of schema `stock-ai-rule`: 2
03:03:38.776 [main] INFO  o.f.c.i.c.DbMigrate - [info,41] - Schema `stock-ai-rule` is up to date. No migration necessary.
03:03:39.279 [main] INFO  c.j.t.c.RemoteServiceConfig - [init,29] - ----关联服务配置初始化 RemoteServiceConfig:RemoteServiceConfig(authServiceAddress=http://auth.ijianxin.com:8080)
03:03:40.426 [main] INFO  c.b.m.e.s.MybatisPlusApplicationContextAware - [setApplicationContext,43] - Register ApplicationContext instances org.springframework.boot.web.servlet.context.AnnotationConfigServletWebServerApplicationContext@488b50ec
03:03:40.794 [main] INFO  o.a.c.h.Http11NioProtocol - [log,168] - Starting ProtocolHandler ["http-nio-8080"]
03:03:40.846 [main] INFO  c.j.t.TrackerApplication - [logStarted,59] - Started TrackerApplication in 8.199 seconds (process running for 16.503)
03:04:15.775 [http-nio-8080-exec-1] INFO  o.a.c.c.C.[.[.[/] - [log,168] - Initializing Spring DispatcherServlet 'dispatcherServlet'
03:13:00.005 [SpringApplicationShutdownHook] INFO  c.a.d.p.DruidDataSource - [close,2083] - {dataSource-1} closing ...
03:13:00.014 [SpringApplicationShutdownHook] INFO  c.a.d.p.DruidDataSource - [close,2156] - {dataSource-1} closed
03:13:05.348 [background-preinit] INFO  o.h.v.i.util.Version - [<clinit>,21] - HV000001: Hibernate Validator 8.0.3.Final
03:13:05.429 [main] INFO  c.j.t.TrackerApplication - [logStarting,53] - Starting TrackerApplication using Java 21.0.11 with PID 91285 (/Users/zengbojia/githome/stock-ai-rule-system/stock-ai-rule-system-service/target/classes started by zengbojia in /Users/zengbojia/githome/stock-ai-rule-system/stock-ai-rule-system-service)
03:13:05.432 [main] INFO  c.j.t.TrackerApplication - [logStartupProfileInfo,658] - The following 1 profile is active: "dev"
03:13:08.092 [main] INFO  o.a.c.h.Http11NioProtocol - [log,168] - Initializing ProtocolHandler ["http-nio-8080"]
03:13:08.094 [main] INFO  o.a.c.c.StandardService - [log,168] - Starting service [Tomcat]
03:13:08.095 [main] INFO  o.a.c.c.StandardEngine - [log,168] - Starting Servlet engine: [Apache Tomcat/10.1.55]
03:13:08.176 [main] INFO  o.a.c.c.C.[.[.[/] - [log,168] - Initializing Spring embedded WebApplicationContext
03:13:09.330 [main] INFO  c.a.d.p.DruidDataSource - [init,865] - {dataSource-1} inited
03:13:10.250 [main] INFO  o.f.c.FlywayExecutor - [info,41] - Database: jdbc:mysql://localhost/stock-ai-rule?useUnicode=true&characterEncoding=utf8&zeroDateTimeBehavior=convertToNull&useSSL=true&serverTimezone=GMT%2B8 (MySQL 8.0)
03:13:10.371 [main] INFO  o.f.c.i.c.DbValidate - [info,41] - Successfully validated 3 migrations (execution time 00:00.064s)
03:13:10.398 [main] INFO  o.f.c.i.c.DbMigrate - [info,41] - Current version of schema `stock-ai-rule`: 2
03:13:10.403 [main] INFO  o.f.c.i.c.DbMigrate - [info,41] - Schema `stock-ai-rule` is up to date. No migration necessary.
03:13:10.859 [main] INFO  c.j.t.c.RemoteServiceConfig - [init,29] - ----关联服务配置初始化 RemoteServiceConfig:RemoteServiceConfig(authServiceAddress=http://auth.ijianxin.com:8080)
03:13:12.191 [main] INFO  c.b.m.e.s.MybatisPlusApplicationContextAware - [setApplicationContext,43] - Register ApplicationContext instances org.springframework.boot.web.servlet.context.AnnotationConfigServletWebServerApplicationContext@f9b5552
03:13:12.583 [main] INFO  o.a.c.h.Http11NioProtocol - [log,168] - Starting ProtocolHandler ["http-nio-8080"]
03:13:12.626 [main] INFO  c.j.t.TrackerApplication - [logStarted,59] - Started TrackerApplication in 7.929 seconds (process running for 10.752)
03:13:20.305 [http-nio-8080-exec-1] INFO  o.a.c.c.C.[.[.[/] - [log,168] - Initializing Spring DispatcherServlet 'dispatcherServlet'
04:01:33.278 [main] INFO  o.h.v.i.util.Version - [<clinit>,21] - HV000001: Hibernate Validator 8.0.3.Final
04:01:40.457 [main] INFO  o.d.c.k.b.i.KieContainerImpl - [createKieBase,485] - Start creation of KieBase: defaultKieBase
04:01:40.676 [main] INFO  o.d.c.k.b.i.KieContainerImpl - [createKieBase,501] - End creation of KieBase: defaultKieBase
04:01:41.020 [main] INFO  o.d.c.k.b.i.KieContainerImpl - [createKieBase,485] - Start creation of KieBase: defaultKieBase
04:01:41.032 [main] INFO  o.d.c.k.b.i.KieContainerImpl - [createKieBase,501] - End creation of KieBase: defaultKieBase
04:01:45.218 [main] INFO  c.j.t.s.i.StockDashboardQueryPersistenceTest - [logStarting,53] - Starting StockDashboardQueryPersistenceTest using Java 21.0.11 with PID 5142 (started by zengbojia in /Users/zengbojia/githome/stock-ai-rule-system/stock-ai-rule-system-service)
04:01:45.221 [main] INFO  c.j.t.s.i.StockDashboardQueryPersistenceTest - [logStartupProfileInfo,658] - The following 1 profile is active: "test"
04:01:48.123 [main] INFO  c.a.d.p.DruidDataSource - [init,865] - {dataSource-1} inited
04:01:48.989 [main] INFO  c.j.t.c.RemoteServiceConfig - [init,29] - ----关联服务配置初始化 RemoteServiceConfig:RemoteServiceConfig(authServiceAddress=http://auth.ijianxin.com:8080)
04:01:51.793 [main] INFO  c.b.m.e.s.MybatisPlusApplicationContextAware - [setApplicationContext,43] - Register ApplicationContext instances org.springframework.web.context.support.GenericWebApplicationContext@70c741be
04:01:52.203 [main] INFO  c.j.t.s.i.StockDashboardQueryPersistenceTest - [logStarted,59] - Started StockDashboardQueryPersistenceTest in 7.433 seconds (process running for 26.54)
04:01:56.740 [main] INFO  c.j.t.s.i.StockWatchlistPersistenceTest - [logStarting,53] - Starting StockWatchlistPersistenceTest using Java 21.0.11 with PID 5142 (started by zengbojia in /Users/zengbojia/githome/stock-ai-rule-system/stock-ai-rule-system-service)
04:01:56.741 [main] INFO  c.j.t.s.i.StockWatchlistPersistenceTest - [logStartupProfileInfo,658] - The following 1 profile is active: "test"
04:01:57.873 [main] INFO  c.a.d.p.DruidDataSource - [init,865] - {dataSource-2} inited
04:01:58.159 [main] INFO  c.j.t.c.RemoteServiceConfig - [init,29] - ----关联服务配置初始化 RemoteServiceConfig:RemoteServiceConfig(authServiceAddress=http://auth.ijianxin.com:8080)
04:01:58.871 [main] INFO  c.b.m.e.s.MybatisPlusApplicationContextAware - [setApplicationContext,43] - Register ApplicationContext instances org.springframework.web.context.support.GenericWebApplicationContext@e51fa39
04:01:58.966 [main] INFO  c.j.t.s.i.StockWatchlistPersistenceTest - [logStarted,59] - Started StockWatchlistPersistenceTest in 2.296 seconds (process running for 33.302)
04:02:13.295 [SpringApplicationShutdownHook] INFO  c.a.d.p.DruidDataSource - [close,2083] - {dataSource-1} closing ...
04:02:13.299 [SpringApplicationShutdownHook] INFO  c.a.d.p.DruidDataSource - [close,2156] - {dataSource-1} closed
04:02:13.304 [SpringApplicationShutdownHook] INFO  c.a.d.p.DruidDataSource - [close,2083] - {dataSource-2} closing ...
04:02:13.305 [SpringApplicationShutdownHook] INFO  c.a.d.p.DruidDataSource - [close,2156] - {dataSource-2} closed
09:41:16.546 [SpringApplicationShutdownHook] INFO  c.a.d.p.DruidDataSource - [close,2083] - {dataSource-1} closing ...
09:41:16.583 [SpringApplicationShutdownHook] INFO  c.a.d.p.DruidDataSource - [close,2156] - {dataSource-1} closed
09:41:33.629 [background-preinit] INFO  o.h.v.i.util.Version - [<clinit>,21] - HV000001: Hibernate Validator 8.0.3.Final
09:41:33.846 [main] INFO  c.j.t.TrackerApplication - [logStarting,53] - Starting TrackerApplication using Java 21.0.11 with PID 8479 (/Users/zengbojia/githome/stock-ai-rule-system/stock-ai-rule-system-service/target/classes started by zengbojia in /Users/zengbojia/githome/stock-ai-rule-system/stock-ai-rule-system-service)
09:41:33.852 [main] INFO  c.j.t.TrackerApplication - [logStartupProfileInfo,658] - The following 1 profile is active: "dev"
09:41:37.939 [main] INFO  o.a.c.h.Http11NioProtocol - [log,168] - Initializing ProtocolHandler ["http-nio-8080"]
09:41:37.942 [main] INFO  o.a.c.c.StandardService - [log,168] - Starting service [Tomcat]
09:41:37.943 [main] INFO  o.a.c.c.StandardEngine - [log,168] - Starting Servlet engine: [Apache Tomcat/10.1.55]
09:41:38.015 [main] INFO  o.a.c.c.C.[.[.[/] - [log,168] - Initializing Spring embedded WebApplicationContext
09:41:39.412 [main] INFO  c.a.d.p.DruidDataSource - [init,865] - {dataSource-1} inited
09:41:40.305 [main] INFO  o.f.c.FlywayExecutor - [info,41] - Database: jdbc:mysql://localhost/stock-ai-rule?useUnicode=true&characterEncoding=utf8&zeroDateTimeBehavior=convertToNull&useSSL=true&serverTimezone=GMT%2B8 (MySQL 8.0)
09:41:40.536 [main] INFO  o.f.c.i.c.DbValidate - [info,41] - Successfully validated 3 migrations (execution time 00:00.114s)
09:41:40.575 [main] INFO  o.f.c.i.c.DbMigrate - [info,41] - Current version of schema `stock-ai-rule`: 2
09:41:40.581 [main] INFO  o.f.c.i.c.DbMigrate - [info,41] - Schema `stock-ai-rule` is up to date. No migration necessary.
09:41:41.020 [main] INFO  c.j.t.c.RemoteServiceConfig - [init,29] - ----关联服务配置初始化 RemoteServiceConfig:RemoteServiceConfig(authServiceAddress=http://auth.ijianxin.com:8080)
09:41:42.666 [main] INFO  c.b.m.e.s.MybatisPlusApplicationContextAware - [setApplicationContext,43] - Register ApplicationContext instances org.springframework.boot.web.servlet.context.AnnotationConfigServletWebServerApplicationContext@997d532
09:41:43.085 [main] INFO  o.a.c.h.Http11NioProtocol - [log,168] - Starting ProtocolHandler ["http-nio-8080"]
09:41:43.133 [main] INFO  c.j.t.TrackerApplication - [logStarted,59] - Started TrackerApplication in 10.134 seconds (process running for 13.412)
09:42:17.467 [http-nio-8080-exec-1] INFO  o.a.c.c.C.[.[.[/] - [log,168] - Initializing Spring DispatcherServlet 'dispatcherServlet'
16:25:52.499 [SpringApplicationShutdownHook] INFO  c.a.d.p.DruidDataSource - [close,2083] - {dataSource-1} closing ...
16:25:52.566 [SpringApplicationShutdownHook] INFO  c.a.d.p.DruidDataSource - [close,2156] - {dataSource-1} closed
16:26:10.801 [background-preinit] INFO  o.h.v.i.util.Version - [<clinit>,21] - HV000001: Hibernate Validator 8.0.3.Final
16:26:10.909 [main] INFO  c.j.t.TrackerApplication - [logStarting,53] - Starting TrackerApplication using Java 21.0.11 with PID 97339 (/Users/zengbojia/githome/stock-ai-rule-system/stock-ai-rule-system-service/target/classes started by zengbojia in /Users/zengbojia/githome/stock-ai-rule-system/stock-ai-rule-system-service)
16:26:10.912 [main] INFO  c.j.t.TrackerApplication - [logStartupProfileInfo,658] - The following 1 profile is active: "dev"
16:26:14.095 [main] INFO  o.a.c.h.Http11NioProtocol - [log,168] - Initializing ProtocolHandler ["http-nio-8080"]
16:26:14.099 [main] INFO  o.a.c.c.StandardService - [log,168] - Starting service [Tomcat]
16:26:14.100 [main] INFO  o.a.c.c.StandardEngine - [log,168] - Starting Servlet engine: [Apache Tomcat/10.1.55]
16:26:14.204 [main] INFO  o.a.c.c.C.[.[.[/] - [log,168] - Initializing Spring embedded WebApplicationContext
16:26:15.565 [main] INFO  c.a.d.p.DruidDataSource - [init,865] - {dataSource-1} inited
16:26:16.625 [main] INFO  o.f.c.FlywayExecutor - [info,41] - Database: jdbc:mysql://localhost/stock-ai-rule?useUnicode=true&characterEncoding=utf8&zeroDateTimeBehavior=convertToNull&useSSL=true&serverTimezone=GMT%2B8 (MySQL 8.0)
16:26:16.807 [main] INFO  o.f.c.i.c.DbValidate - [info,41] - Successfully validated 4 migrations (execution time 00:00.096s)
16:26:16.844 [main] INFO  o.f.c.i.c.DbMigrate - [info,41] - Current version of schema `stock-ai-rule`: 3
16:26:16.854 [main] INFO  o.f.c.i.c.DbMigrate - [info,41] - Schema `stock-ai-rule` is up to date. No migration necessary.
16:26:17.284 [main] INFO  c.j.t.c.RemoteServiceConfig - [init,29] - ----关联服务配置初始化 RemoteServiceConfig:RemoteServiceConfig(authServiceAddress=http://auth.ijianxin.com:8080)
16:26:18.881 [main] INFO  c.b.m.e.s.MybatisPlusApplicationContextAware - [setApplicationContext,43] - Register ApplicationContext instances org.springframework.boot.web.servlet.context.AnnotationConfigServletWebServerApplicationContext@2b87581
16:26:19.266 [main] INFO  o.a.c.h.Http11NioProtocol - [log,168] - Starting ProtocolHandler ["http-nio-8080"]
16:26:19.325 [main] INFO  c.j.t.TrackerApplication - [logStarted,59] - Started TrackerApplication in 9.222 seconds (process running for 21.89)
16:26:20.910 [http-nio-8080-exec-1] INFO  o.a.c.c.C.[.[.[/] - [log,168] - Initializing Spring DispatcherServlet 'dispatcherServlet'
16:50:55.449 [SpringApplicationShutdownHook] INFO  c.a.d.p.DruidDataSource - [close,2083] - {dataSource-1} closing ...
16:50:55.482 [SpringApplicationShutdownHook] INFO  c.a.d.p.DruidDataSource - [close,2156] - {dataSource-1} closed
16:51:10.378 [background-preinit] INFO  o.h.v.i.util.Version - [<clinit>,21] - HV000001: Hibernate Validator 8.0.3.Final
16:51:10.489 [main] INFO  c.j.t.TrackerApplication - [logStarting,53] - Starting TrackerApplication using Java 21.0.11 with PID 66910 (/Users/zengbojia/githome/stock-ai-rule-system/stock-ai-rule-system-service/target/classes started by zengbojia in /Users/zengbojia/githome/stock-ai-rule-system/stock-ai-rule-system-service)
16:51:10.492 [main] INFO  c.j.t.TrackerApplication - [logStartupProfileInfo,658] - The following 1 profile is active: "dev"
16:51:14.773 [main] INFO  o.a.c.h.Http11NioProtocol - [log,168] - Initializing ProtocolHandler ["http-nio-8080"]
16:51:14.777 [main] INFO  o.a.c.c.StandardService - [log,168] - Starting service [Tomcat]
16:51:14.778 [main] INFO  o.a.c.c.StandardEngine - [log,168] - Starting Servlet engine: [Apache Tomcat/10.1.55]
16:51:14.923 [main] INFO  o.a.c.c.C.[.[.[/] - [log,168] - Initializing Spring embedded WebApplicationContext
16:51:17.090 [main] INFO  c.a.d.p.DruidDataSource - [init,865] - {dataSource-1} inited
16:51:18.303 [main] INFO  o.f.c.FlywayExecutor - [info,41] - Database: jdbc:mysql://localhost/stock-ai-rule?useUnicode=true&characterEncoding=utf8&zeroDateTimeBehavior=convertToNull&useSSL=true&serverTimezone=GMT%2B8 (MySQL 8.0)
16:51:18.468 [main] INFO  o.f.c.i.c.DbValidate - [info,41] - Successfully validated 4 migrations (execution time 00:00.097s)
16:51:18.508 [main] INFO  o.f.c.i.c.DbMigrate - [info,41] - Current version of schema `stock-ai-rule`: 3
16:51:18.520 [main] INFO  o.f.c.i.c.DbMigrate - [info,41] - Schema `stock-ai-rule` is up to date. No migration necessary.
16:51:18.955 [main] INFO  c.j.t.c.RemoteServiceConfig - [init,29] - ----关联服务配置初始化 RemoteServiceConfig:RemoteServiceConfig(authServiceAddress=http://auth.ijianxin.com:8080)
16:51:20.341 [main] INFO  c.b.m.e.s.MybatisPlusApplicationContextAware - [setApplicationContext,43] - Register ApplicationContext instances org.springframework.boot.web.servlet.context.AnnotationConfigServletWebServerApplicationContext@1d782abe
16:51:20.618 [main] INFO  o.a.c.h.Http11NioProtocol - [log,168] - Starting ProtocolHandler ["http-nio-8080"]
16:51:20.668 [main] INFO  c.j.t.TrackerApplication - [logStarted,59] - Started TrackerApplication in 10.897 seconds (process running for 13.463)
16:51:25.606 [http-nio-8080-exec-2] INFO  o.a.c.c.C.[.[.[/] - [log,168] - Initializing Spring DispatcherServlet 'dispatcherServlet'
